// Jest Snapshot v1, https://goo.gl/fbAQLP

exports[`<HeaderSearchBar /> should render without throwing an error 1`] = `ShallowWrapper {}`;
