// Jest Snapshot v1, https://goo.gl/fbAQLP

exports[`<HeaderSearchModal /> should render without throwing an error 1`] = `ShallowWrapper {}`;
