// Jest Snapshot v1, https://goo.gl/fbAQLP

exports[`<Resource /> should render without throwing an error 1`] = `ShallowWrapper {}`;
