// Jest Snapshot v1, https://goo.gl/fbAQLP

exports[`Feature: NoResults React Component Scenario: Rendering When the component renders with props Then the snapshot should match 1`] = `
Array [
  <h2
    className="cmp-search__resultsCount noresults"
  >
    Showing 0 results
     
     
    <span>
      for "
      <strong>
        QUERY
      </strong>
      "
    </span>
  </h2>,
  <div
    className="cmp-search__no-results"
  >
    <div
      className="icon"
    />
    <h2>
      TITLE
    </h2>
    <p>
      DESCRIPTION
      <a
        href="http://localhost/"
      >
        LINK_TEXT
      </a>
    </p>
  </div>,
]
`;
