// Jest Snapshot v1, https://goo.gl/fbAQLP

exports[`Feature: Order Details Component Scenario: Rendering When component is mounted Then the snapshot should match 1`] = `
Array [
  <div
    className="cmp-order-details__container"
  >
    <h2
      className="cmp-order-details__title"
      data-locator="product-title"
    >
      Order Details
    </h2>
    <div
      className="cmp-order-details__order-info"
    >
      <h3
        className="cmp-order-details__order-number"
        data-locator="product-number"
      >
        Order Number: 15740002
      </h3>
      <div
        className="cmp-order-details__order-date"
        data-locator="order-date"
      >
        February 18, 2020
      </div>
      <div
        className="cmp-order-details__address-container"
      >
        <div
          className="cmp-order-details__ship-to"
          data-locator="ship-to"
        >
          <h4>
            Ship to
          </h4>
          <div
            className="cmp-order-details-address1"
            data-locator="order-details-address"
          >
            Neta Scientific Inc
          </div>
          <div
            className="cmp-order-details-address1"
            data-locator="order-details-address"
          >
            4206 Sylon Blvd
          </div>
          <div
            className="cmp-order-details-address1"
            data-locator="order-details-address"
          >
            Hainesport, NJ 08036-3736
          </div>
          <div
            className="cmp-order-details-address1"
            data-locator="order-details-address"
          >
            United States
          </div>
        </div>
        <div
          className="cmp-order-details__bill-to"
          data-locator="bill-to"
        >
          <h4>
            Bill to
          </h4>
          <div
            className="cmp-order-details-address1"
            data-locator="order-details-address"
          >
            Neta Scientific Inc
          </div>
          <div
            className="cmp-order-details-address1"
            data-locator="order-details-address"
          >
            4206 Sylon Blvd
          </div>
          <div
            className="cmp-order-details-address1"
            data-locator="order-details-address"
          >
            Hainesport, NJ 08036-3736
          </div>
          <div
            className="cmp-order-details-address1"
            data-locator="order-details-address"
          >
            United States
          </div>
        </div>
      </div>
      <div
        className="cmp-order-details__payment-container"
      >
        <div
          className="cmp-order-details__payment-method"
          data-locator="payment-method"
        >
          <h4>
            Payment Method
          </h4>
          <div />
          <div
            className="text"
          >
            PO
            : 
            123456
          </div>
        </div>
      </div>
    </div>
    <div
      className="cmp-order-details__order-summary"
      data-locator="order-summary"
    >
      <h4 />
      <div
        className="cmp-order-details__order-subtotal"
      >
        <div
          className="cmp-order-details__order-subtotal_left"
          data-locator="order-summary-label-sub-total"
        >
          Subtotal
           
          
        </div>
        <div
          className="cmp-order-details__order-subtotal_right"
          data-locator="order-summary-price-sub-total"
        >
          0000000000043.35
        </div>
      </div>
      <div
        className="cmp-order-details__order-savings"
      >
        <div
          className="cmp-order-details__order-savings_left"
          data-locator="order-summary-label-total-discount"
        >
          Savings
        </div>
        <div
          className="cmp-order-details__order-savings_right"
          data-locator="order-summary-price-total-discount"
        >
          -
          0000000000007.65
        </div>
      </div>
      <div
        className="cmp-order-details__order-shipping"
      >
        <div
          className="cmp-order-details__order-shipping_left"
          data-locator="order-summary-label-total-shipping-handling"
        >
          Shipping and Handling 
        </div>
        <div
          className="cmp-order-details__order-shipping_right"
          data-locator="order-summary-price-total-shipping-handling"
        >
          0000000000000
        </div>
      </div>
      <div
        className="cmp-order-details__order-tax"
      >
        <div
          className="cmp-order-details__order-tax_left"
          data-locator="order-summary-label-estimated-tax"
        >
          Tax
        </div>
        <div
          className="cmp-order-details__order-tax_right"
          data-locator="order-summary-price-estimated-tax"
        >
          0000000000000
        </div>
      </div>
      <div
        className="cmp-order-details__order-total"
      >
        <div
          className="cmp-order-details__order-total_left"
          data-locator="order-summary-label-total-price"
        />
        <div
          className="cmp-order-details__order-total_right"
          data-locator="order-summary-price-total-price"
        >
          <h1>
            0000000000043.35
          </h1>
        </div>
      </div>
      <div
        className="cmp-order-details__reorder"
        data-locator="order-details-reorder"
      >
        <a
          className="cmp-button"
          onClick={[Function]}
        >
          Reorder
        </a>
      </div>
    </div>
  </div>,
  <div
    className="cmp-order-details__order-shipment-list"
    data-locator="order-shipment-list"
  />,
  <div
    className="order-shipment__reorder"
    data-locator="order-shipment-reorder"
  >
    <a
      className="cmp-button"
      onClick={[Function]}
    >
      Reorder
    </a>
  </div>,
]
`;
