// Jest Snapshot v1, https://goo.gl/fbAQLP

exports[`<Thumbnail /> should render correctly 1`] = `ShallowWrapper {}`;

exports[`<Thumbnail /> should render image without label 1`] = `ShallowWrapper {}`;
