// Jest Snapshot v1, https://goo.gl/fbAQLP

exports[`Feature: Change Password Form Scenario: Rendering When initial render Then the snapshot should match 1`] = `
<form
  autocomplete="off"
  className="cmp-form cmp-form--registration "
  data-locator="form-component"
  onSubmit={[Function]}
>
  <div
    className="cmp-form-field cmp-form-field-password "
  >
    <label
      className=""
      data-locator="enter-current-password"
      htmlFor="currentPassword"
    >
      Enter Current Password
      <span
        className="cmp-form-field--required"
      >
        *
      </span>
    </label>
    <div
      className="cmp-form-field--input"
    >
      <input
        aria-label="currentPassword"
        aria-labelledby="currentPassword"
        aria-required={true}
        autocomplete="off"
        className=""
        data-locator="currentpassword"
        id="currentPassword"
        name="currentPassword"
        onBlur={[Function]}
        onChange={[Function]}
        onFocus={[Function]}
        placeholder=" "
        type="password"
      />
      <div
        className="cmp-form-field--icons"
        data-locator="cmp-form-field-icons"
      >
        <div
          className="showHide-icon toggled"
          onMouseDown={[Function]}
        />
        <div
          className="showHideOff-icon"
          onMouseDown={[Function]}
        />
        <div
          className="valid-icon"
        />
        <div
          className="invalid-icon"
        />
      </div>
    </div>
    <span
      className="cmp-form-field--errorText"
      data-locator="cmp-form-field-errorText"
    >
      
    </span>
  </div>
  <div
    className="cmp-form-field cmp-form-field-password "
  >
    <label
      className=""
      data-locator="create-new-password"
      htmlFor="newPassword"
    >
      Create New Password
      <span
        className="cmp-form-field--required"
      >
        *
      </span>
    </label>
    <div
      className="cmp-form-field--input"
    >
      <input
        aria-label="newPassword"
        aria-labelledby="newPassword"
        aria-required={true}
        autocomplete="off"
        className=""
        data-locator="newpassword"
        id="newPassword"
        name="newPassword"
        onBlur={[Function]}
        onChange={[Function]}
        onFocus={[Function]}
        placeholder=" "
        type="password"
      />
      <div
        className="cmp-form-field--icons"
        data-locator="cmp-form-field-icons"
      >
        <div
          className="showHide-icon toggled"
          onMouseDown={[Function]}
        />
        <div
          className="showHideOff-icon"
          onMouseDown={[Function]}
        />
        <div
          className="valid-icon"
        />
        <div
          className="invalid-icon"
        />
      </div>
    </div>
    <span
      className="cmp-form-field--errorText"
      data-locator="cmp-form-field-errorText"
    >
      
    </span>
    <div
      className="cmp-form-field--input-requirements"
    >
      <div
        className="requirements-title"
      >
        Your password must include
      </div>
      <div>
        <div
          className="requirements-info-svg"
          id="shortPassword"
        />
        <div
          className="requirements-info"
        >
          at least 8 characters
        </div>
      </div>
      <div>
        <div
          className="requirements-info-svg"
          id="noUppercase"
        />
        <div
          className="requirements-info"
        >
          at least 1 uppercase letter
        </div>
      </div>
      <div>
        <div
          className="requirements-info-svg"
          id="noLowercase"
        />
        <div
          className="requirements-info"
        >
          at least 1 lowercase letter
        </div>
      </div>
      <div>
        <div
          className="requirements-info-svg"
          id="noDigits"
        />
        <div
          className="requirements-info"
        >
          at least 1 number
        </div>
      </div>
      <div>
        <div
          className="requirements-info-svg"
          id="noSpecial"
        />
        <div
          className="requirements-info"
        >
          at least 1 symbol (for example, !, $, #, %)
        </div>
      </div>
    </div>
    <label
      className="cmp-form-field--label-matching"
      data-locator="confirm-new-password"
      htmlFor="confirmNewPassword"
    >
      Confirm New Password
      <span
        className="cmp-form-field--required"
      >
        *
      </span>
    </label>
    
    <div
      className="cmp-form-field--input"
    >
      <input
        aria-label="confirmNewPassword"
        aria-labelledby="confirmNewPassword"
        aria-required={true}
        autocomplete="off"
        className=""
        data-locator="confirmnewpassword"
        id="confirmNewPassword"
        name="confirmNewPassword"
        onBlur={[Function]}
        onChange={[Function]}
        onFocus={[Function]}
        placeholder=" "
        type="password"
      />
      <div
        className="cmp-form-field--icons"
        data-locator="cmp-form-field-icons"
      >
        <div
          className="showHide-icon toggled"
          onMouseDown={[Function]}
        />
        <div
          className="showHideOff-icon"
          onMouseDown={[Function]}
        />
        <div
          className="valid-icon"
        />
        <div
          className="invalid-icon"
        />
      </div>
    </div>
    <span
      className="cmp-form-field--errorText"
      data-locator="cmp-form-field-errorText"
    >
      
    </span>
  </div>
  <button
    aria-label="form submit button"
    className="cmp-button cmp-button--no-border cmp-form--submit"
    data-locator="form-submit"
    type="submit"
  >
    Change Password
  </button>
  <a
    aria-label="form cancel button"
    className="cmp-button cmp-button--cancel"
    data-locator="cancel"
    onClick={[Function]}
  >
    Cancel
  </a>
</form>
`;
