// Jest Snapshot v1, https://goo.gl/fbAQLP

exports[`Feature: Personal Details Form Scenario: Rendering When initial render Then the snapshot should match 1`] = `
<form
  className="cmp-form cmp-form--registration"
  onSubmit={[Function]}
>
  <div
    className="cmp-form-field cmp-form-field-text"
  >
    <label
      className=""
      htmlFor="firstName"
    >
      First Name
    </label>
    <div
      className="cmp-form-field--input"
    >
      <input
        className=""
        name="firstName"
        onBlur={[Function]}
        onChange={[Function]}
        onFocus={[Function]}
        placeholder=" "
        type="text"
      />
      <div
        className="cmp-form-field--icons"
      >
        <div
          className="valid-icon"
        />
        <div
          className="invalid-icon"
        />
      </div>
    </div>
    <span
      className="cmp-form-field--errorText"
    >
      
    </span>
  </div>
  <div
    className="cmp-form-field cmp-form-field-text"
  >
    <label
      className=""
      htmlFor="lastName"
    >
      Last Name
    </label>
    <div
      className="cmp-form-field--input"
    >
      <input
        className=""
        name="lastName"
        onBlur={[Function]}
        onChange={[Function]}
        onFocus={[Function]}
        placeholder=" "
        type="text"
      />
      <div
        className="cmp-form-field--icons"
      >
        <div
          className="valid-icon"
        />
        <div
          className="invalid-icon"
        />
      </div>
    </div>
    <span
      className="cmp-form-field--errorText"
    >
      
    </span>
  </div>
  <div
    className="cmp-form-field cmp-form-field-text"
  >
    <label
      className=""
      htmlFor="company"
    >
      Company
    </label>
    <div
      className="cmp-form-field--input"
    >
      <input
        className=""
        name="company"
        onBlur={[Function]}
        onChange={[Function]}
        onFocus={[Function]}
        placeholder=" "
        type="text"
      />
      <div
        className="cmp-form-field--icons"
      >
        <div
          className="valid-icon"
        />
        <div
          className="invalid-icon"
        />
      </div>
    </div>
    <span
      className="cmp-form-field--errorText"
    >
      
    </span>
  </div>
  <div
    className="cmp-form-field cmp-form-field-email"
  >
    <label
      className=""
      htmlFor="email"
    >
      Email Address
    </label>
    <div
      className="cmp-form-field--input"
    >
      <input
        className=""
        disabled={true}
        name="email"
        onBlur={[Function]}
        onChange={[Function]}
        onFocus={[Function]}
        placeholder=" "
        type="email"
      />
      <div
        className="cmp-form-field--icons"
      >
        <div
          className="lock-icon"
        />
      </div>
    </div>
    <span
      className="cmp-form-field--errorText"
    >
      
    </span>
  </div>
  <div
    className="cmp-form-field cmp-form-field-text"
  >
    <label
      className=""
      htmlFor="phone"
    >
      Phone Number
      <span
        className="cmp-form-field--optional"
      >
         
        (optional)
      </span>
    </label>
    <div
      className="cmp-form-field--input"
    >
      <input
        className=""
        name="phone"
        onBlur={[Function]}
        onChange={[Function]}
        onFocus={[Function]}
        placeholder=" "
        type="text"
      />
      <div
        className="cmp-form-field--icons"
      >
        <div
          className="valid-icon"
        />
        <div
          className="invalid-icon"
        />
      </div>
    </div>
    <span
      className="cmp-form-field--errorText"
    >
      
    </span>
  </div>
  <div
    className="cmp-form-field cmp-form-field-dropdown"
  >
    <div
      className="cmp-form-field-dropdown--wrapper"
    >
      <label
        htmlFor="country"
      >
        Country
      </label>
      <div
        className="cmp-form-field-dropdown--wrapper"
      >
        <div
          className="css-ssi0ig-container cmp-custom-dropdown--is-disabled"
          onKeyDown={[Function]}
        >
          <div
            className="css-1oonwhq-control cmp-custom-dropdown__control cmp-custom-dropdown__control--is-disabled"
            onMouseDown={[Function]}
            onTouchEnd={[Function]}
          >
            <div
              className="css-1hwfws3 cmp-custom-dropdown__value-container"
            >
              <div
                className="css-151xaom-placeholder cmp-custom-dropdown__placeholder"
              >
                Select...
              </div>
              <div
                className="css-1g6gooi"
              >
                <div
                  className="cmp-custom-dropdown__input"
                  style={
                    Object {
                      "display": "inline-block",
                    }
                  }
                >
                  <input
                    aria-autocomplete="list"
                    autoCapitalize="none"
                    autoComplete="off"
                    autoCorrect="off"
                    disabled={true}
                    id="react-select-3-input"
                    onBlur={[Function]}
                    onChange={[Function]}
                    onFocus={[Function]}
                    spellCheck="false"
                    style={
                      Object {
                        "background": 0,
                        "border": 0,
                        "boxSizing": "content-box",
                        "color": "inherit",
                        "fontSize": "inherit",
                        "label": "input",
                        "opacity": 1,
                        "outline": 0,
                        "padding": 0,
                        "width": "1px",
                      }
                    }
                    tabIndex="0"
                    type="text"
                    value=""
                  />
                  <div
                    style={
                      Object {
                        "height": 0,
                        "left": 0,
                        "overflow": "scroll",
                        "position": "absolute",
                        "top": 0,
                        "visibility": "hidden",
                        "whiteSpace": "pre",
                      }
                    }
                  >
                    
                  </div>
                </div>
              </div>
            </div>
            <div
              className="css-1wy0on6 cmp-custom-dropdown__indicators"
            >
              <span
                className="css-1hyfx7x cmp-custom-dropdown__indicator-separator"
              />
              <div
                aria-hidden="true"
                className="css-16pqwjk-indicatorContainer cmp-custom-dropdown__indicator cmp-custom-dropdown__dropdown-indicator"
                onMouseDown={[Function]}
                onTouchEnd={[Function]}
              >
                <div />
              </div>
            </div>
          </div>
        </div>
        <div
          className="cmp-form-field--icons"
        >
          <div
            className="lock-icon"
          />
        </div>
      </div>
      <span
        className="cmp-form-field--errorText"
      >
        
      </span>
    </div>
  </div>
  <div
    className="cmp-form-field cmp-form-field-checkbox"
  >
    <input
      className="valid"
      id="communications"
      name="communications"
      readOnly={true}
      type="checkbox"
    />
    <a
      className="checkbox  valid"
      id="communications_link"
      onClick={[Function]}
    >
      <div />
    </a>
    <div
      className="cmp-form-field-checkbox--wrapper"
    >
      <label
        htmlFor="communications"
        onClick={[Function]}
      >
        I want to receive communications from Waters. 
      </label>
      
    </div>
  </div>
  <button
    className="cmp-button cmp-button--no-border cmp-form--submit cmp-button--disabled"
    disabled={true}
    type="submit"
  >
    Save Changes
  </button>
  <a
    className="cmp-button cmp-button--cancel"
    onClick={[Function]}
  >
    Cancel
  </a>
</form>
`;
