// Jest Snapshot v1, https://goo.gl/fbAQLP

exports[`Feature: Reset Password Form Scenario: Rendering When initial render Then the snapshot should match 1`] = `
<form
  autocomplete="off"
  className="cmp-form cmp-form--registration "
  data-locator="form-component"
  onSubmit={[Function]}
>
  <div
    className="cmp-form-field cmp-form-field-body"
  >
    <div>
      You are resetting the password for the account associated with the email address
    </div>
  </div>
  <div
    className="cmp-form-field cmp-form-field-password"
  >
    <label
      className=""
      data-locator="create-password"
      htmlFor="password"
    >
      Create Password
      <span
        className="cmp-form-field--required"
      >
        *
      </span>
    </label>
    <div
      className="cmp-form-field--input"
    >
      <input
        aria-label="password"
        aria-labelledby="password"
        aria-required={true}
        autocomplete="off"
        className=""
        data-locator="password"
        id="password"
        name="password"
        onBlur={[Function]}
        onChange={[Function]}
        onFocus={[Function]}
        placeholder=" "
        type="password"
      />
      <div
        className="cmp-form-field--icons"
      >
        <div
          className="showHide-icon toggled"
          onMouseDown={[Function]}
        />
        <div
          className="showHideOff-icon"
          onMouseDown={[Function]}
        />
        <div
          className="valid-icon"
        />
        <div
          className="invalid-icon"
        />
      </div>
    </div>
    <span
      className="cmp-form-field--errorText"
    >
      
    </span>
    <div
      className="cmp-form-field--input-requirements"
    >
      <div
        className="requirements-title"
      >
        Your password must include
      </div>
      <div>
        <div
          className="requirements-info-svg"
          id="shortPassword"
        />
        <div
          className="requirements-info"
        >
          at least 8 characters
        </div>
      </div>
      <div>
        <div
          className="requirements-info-svg"
          id="noUppercase"
        />
        <div
          className="requirements-info"
        >
          at least 1 uppercase letter
        </div>
      </div>
      <div>
        <div
          className="requirements-info-svg"
          id="noLowercase"
        />
        <div
          className="requirements-info"
        >
          at least 1 lowercase letter
        </div>
      </div>
      <div>
        <div
          className="requirements-info-svg"
          id="noDigits"
        />
        <div
          className="requirements-info"
        >
          at least 1 number
        </div>
      </div>
      <div>
        <div
          className="requirements-info-svg"
          id="noSpecial"
        />
        <div
          className="requirements-info"
        >
          at least 1 symbol (for example, !, $, #, %)
        </div>
      </div>
    </div>
    <label
      className="cmp-form-field--label-matching"
      data-locator="confirm-password"
      htmlFor="confirmPassword"
    >
      Confirm Password
      <span
        className="cmp-form-field--required"
      >
        *
      </span>
    </label>
    
    <div
      className="cmp-form-field--input"
    >
      <input
        aria-label="confirmPassword"
        aria-labelledby="confirmPassword"
        aria-required={true}
        autocomplete="off"
        className=""
        data-locator="confirmpassword"
        id="confirmPassword"
        name="confirmPassword"
        onBlur={[Function]}
        onChange={[Function]}
        onFocus={[Function]}
        placeholder=" "
        type="password"
      />
      <div
        className="cmp-form-field--icons"
      >
        <div
          className="showHide-icon toggled"
          onMouseDown={[Function]}
        />
        <div
          className="showHideOff-icon"
          onMouseDown={[Function]}
        />
        <div
          className="valid-icon"
        />
        <div
          className="invalid-icon"
        />
      </div>
    </div>
    <span
      className="cmp-form-field--errorText"
    >
      
    </span>
  </div>
  <button
    className="cmp-button cmp-button--no-border cmp-form--submit"
    data-locator="form-submit"
    type="submit"
  >
    Reset Password
  </button>
</form>
`;
