// Jest Snapshot v1, https://goo.gl/fbAQLP

exports[`Feature:Trouble Signing In Form Scenario: Rendering When initial render Then the snapshot should match 1`] = `
<form
  autocomplete="off"
  className="cmp-form cmp-form--registration "
  data-locator="form-component"
  onSubmit={[Function]}
>
  <div
    className="cmp-form-field cmp-form-field-email"
  >
    <label
      className=""
      data-locator="email-address"
      htmlFor="email"
    >
      Email Address
      <span
        className="cmp-form-field--required"
      >
        *
      </span>
    </label>
    <div
      className="cmp-form_description"
    >
      This will be your username.
    </div>
    <div
      className="cmp-form-field--input"
    >
      <input
        aria-label="email"
        aria-labelledby="email"
        aria-required={true}
        autocomplete="off"
        className=""
        data-locator="email"
        id="email"
        name="email"
        onBlur={[Function]}
        onChange={[Function]}
        onFocus={[Function]}
        placeholder=" "
        type="email"
      />
      <div
        className="cmp-form-field--icons"
        data-locator="cmp-form-field-icons"
      >
        <div
          className="valid-icon"
        />
        <div
          className="invalid-icon"
        />
      </div>
    </div>
    <span
      className="cmp-form-field--errorText"
      data-locator="cmp-form-field-errorText"
    >
      
    </span>
  </div>
  <div
    className="cmp-form-field cmp-form-field-text"
  >
    <label
      className=""
      data-locator="first-name"
      htmlFor="firstName"
    >
      First Name
      <span
        className="cmp-form-field--required"
      >
        *
      </span>
    </label>
    <div
      className="cmp-form-field--input"
    >
      <input
        aria-label="firstName"
        aria-labelledby="firstName"
        aria-required={true}
        autocomplete="off"
        className=""
        data-locator="firstname"
        id="firstName"
        name="firstName"
        onBlur={[Function]}
        onChange={[Function]}
        onFocus={[Function]}
        placeholder=" "
        type="text"
      />
      <div
        className="cmp-form-field--icons"
        data-locator="cmp-form-field-icons"
      >
        <div
          className="valid-icon"
        />
        <div
          className="invalid-icon"
        />
      </div>
    </div>
    <span
      className="cmp-form-field--errorText"
      data-locator="cmp-form-field-errorText"
    >
      
    </span>
  </div>
  <div
    className="cmp-form-field cmp-form-field-text"
  >
    <label
      className=""
      data-locator="last-name"
      htmlFor="lastName"
    >
      Last Name
      <span
        className="cmp-form-field--required"
      >
        *
      </span>
    </label>
    <div
      className="cmp-form-field--input"
    >
      <input
        aria-label="lastName"
        aria-labelledby="lastName"
        aria-required={true}
        autocomplete="off"
        className=""
        data-locator="lastname"
        id="lastName"
        name="lastName"
        onBlur={[Function]}
        onChange={[Function]}
        onFocus={[Function]}
        placeholder=" "
        type="text"
      />
      <div
        className="cmp-form-field--icons"
        data-locator="cmp-form-field-icons"
      >
        <div
          className="valid-icon"
        />
        <div
          className="invalid-icon"
        />
      </div>
    </div>
    <span
      className="cmp-form-field--errorText"
      data-locator="cmp-form-field-errorText"
    >
      
    </span>
  </div>
  <div
    className="cmp-form-field cmp-form-field-text"
  >
    <label
      className=""
      data-locator="company"
      htmlFor="company"
    >
      Company
      <span
        className="cmp-form-field--required"
      >
        *
      </span>
    </label>
    <div
      className="cmp-form-field--input"
    >
      <input
        aria-label="company"
        aria-labelledby="company"
        aria-required={true}
        autocomplete="off"
        className=""
        data-locator="company"
        id="company"
        name="company"
        onBlur={[Function]}
        onChange={[Function]}
        onFocus={[Function]}
        placeholder=" "
        type="text"
      />
      <div
        className="cmp-form-field--icons"
        data-locator="cmp-form-field-icons"
      >
        <div
          className="valid-icon"
        />
        <div
          className="invalid-icon"
        />
      </div>
    </div>
    <span
      className="cmp-form-field--errorText"
      data-locator="cmp-form-field-errorText"
    >
      
    </span>
  </div>
  <div
    className="cmp-form-field cmp-form-field-dropdown"
  >
    <div
      className="cmp-form-field-dropdown--wrapper"
    >
      <label
        data-locator="country-label"
        htmlFor="country"
      >
        Country*
      </label>
      <div
        aria-describedby="cmp-custom-dropdown__single-value"
        className="cmp-form-field-dropdown--wrapper"
        data-locator="country"
        tabindex="0"
      >
        <div
          className="css-1pcexqc-container"
          id="country"
          onKeyDown={[Function]}
        >
          <div
            className="css-xov0tq-control cmp-custom-dropdown__control"
            onMouseDown={[Function]}
            onTouchEnd={[Function]}
          >
            <div
              className="css-1hwfws3 cmp-custom-dropdown__value-container cmp-custom-dropdown__value-container--has-value"
            >
              <div
                className="css-0 cmp-custom-dropdown__single-value"
              >
                United States
              </div>
              <div
                className="css-1g6gooi"
              >
                <div
                  className="cmp-custom-dropdown__input"
                  style={
                    Object {
                      "display": "inline-block",
                    }
                  }
                >
                  <input
                    aria-autocomplete="list"
                    aria-label="country"
                    autoCapitalize="none"
                    autoComplete="off"
                    autoCorrect="off"
                    disabled={false}
                    id="react-select-3-input"
                    onBlur={[Function]}
                    onChange={[Function]}
                    onFocus={[Function]}
                    spellCheck="false"
                    style={
                      Object {
                        "background": 0,
                        "border": 0,
                        "boxSizing": "content-box",
                        "color": "inherit",
                        "fontSize": "inherit",
                        "label": "input",
                        "opacity": 1,
                        "outline": 0,
                        "padding": 0,
                        "width": "1px",
                      }
                    }
                    tabIndex="-1"
                    type="text"
                    value=""
                  />
                  <div
                    style={
                      Object {
                        "height": 0,
                        "left": 0,
                        "overflow": "scroll",
                        "position": "absolute",
                        "top": 0,
                        "visibility": "hidden",
                        "whiteSpace": "pre",
                      }
                    }
                  >
                    
                  </div>
                </div>
              </div>
            </div>
            <div
              className="css-1wy0on6 cmp-custom-dropdown__indicators"
            >
              <span
                className="css-1hyfx7x cmp-custom-dropdown__indicator-separator"
              />
              <div
                aria-hidden="true"
                className="css-16pqwjk-indicatorContainer cmp-custom-dropdown__indicator cmp-custom-dropdown__dropdown-indicator"
                onMouseDown={[Function]}
                onTouchEnd={[Function]}
              >
                <div />
              </div>
            </div>
          </div>
          <input
            name="country"
            type="hidden"
            value="us"
          />
        </div>
        <div
          className="cmp-form-field--icons"
          data-locator="cmp-form-field-icons"
        >
          <div
            className="valid-icon"
          />
          <div
            className="invalid-icon"
          />
        </div>
      </div>
      <span
        className="cmp-form-field--errorText"
        data-locator="cmp-form-field-errorText"
      >
        
      </span>
    </div>
  </div>
  <div
    className="cmp-form-field cmp-form-field-password"
  >
    <label
      className=""
      data-locator="create-password"
      htmlFor="password"
    >
      Create Password
      <span
        className="cmp-form-field--required"
      >
        *
      </span>
    </label>
    <div
      className="cmp-form-field--input"
    >
      <input
        aria-label="password"
        aria-labelledby="password"
        aria-required={true}
        autocomplete="off"
        className=""
        data-locator="password"
        id="password"
        name="password"
        onBlur={[Function]}
        onChange={[Function]}
        onFocus={[Function]}
        placeholder=" "
        type="password"
      />
      <div
        className="cmp-form-field--icons"
        data-locator="cmp-form-field-icons"
      >
        <div
          className="showHide-icon toggled"
          onMouseDown={[Function]}
        />
        <div
          className="showHideOff-icon"
          onMouseDown={[Function]}
        />
        <div
          className="valid-icon"
        />
        <div
          className="invalid-icon"
        />
      </div>
    </div>
    <span
      className="cmp-form-field--errorText"
      data-locator="cmp-form-field-errorText"
    >
      
    </span>
    <div
      className="cmp-form-field--input-requirements"
    >
      <div
        className="requirements-title"
      >
        Your password must include
      </div>
      <div>
        <div
          className="requirements-info-svg"
          id="shortPassword"
        />
        <div
          className="requirements-info"
        >
          at least 8 characters
        </div>
      </div>
      <div>
        <div
          className="requirements-info-svg"
          id="noUppercase"
        />
        <div
          className="requirements-info"
        >
          at least 1 uppercase letter
        </div>
      </div>
      <div>
        <div
          className="requirements-info-svg"
          id="noLowercase"
        />
        <div
          className="requirements-info"
        >
          at least 1 lowercase letter
        </div>
      </div>
      <div>
        <div
          className="requirements-info-svg"
          id="noDigits"
        />
        <div
          className="requirements-info"
        >
          at least 1 number
        </div>
      </div>
      <div>
        <div
          className="requirements-info-svg"
          id="noSpecial"
        />
        <div
          className="requirements-info"
        >
          at least 1 symbol (for example, !, $, #, %)
        </div>
      </div>
    </div>
    <label
      className="cmp-form-field--label-matching"
      data-locator="confirm-password"
      htmlFor="confirmPassword"
    >
      Confirm Password
      <span
        className="cmp-form-field--required"
      >
        *
      </span>
    </label>
    
    <div
      className="cmp-form-field--input"
    >
      <input
        aria-label="confirmPassword"
        aria-labelledby="confirmPassword"
        aria-required={true}
        autocomplete="off"
        className=""
        data-locator="confirmpassword"
        id="confirmPassword"
        name="confirmPassword"
        onBlur={[Function]}
        onChange={[Function]}
        onFocus={[Function]}
        placeholder=" "
        type="password"
      />
      <div
        className="cmp-form-field--icons"
        data-locator="cmp-form-field-icons"
      >
        <div
          className="showHide-icon toggled"
          onMouseDown={[Function]}
        />
        <div
          className="showHideOff-icon"
          onMouseDown={[Function]}
        />
        <div
          className="valid-icon"
        />
        <div
          className="invalid-icon"
        />
      </div>
    </div>
    <span
      className="cmp-form-field--errorText"
      data-locator="cmp-form-field-errorText"
    >
      
    </span>
  </div>
  <div
    className="cmp-form-field cmp-form-field-checkbox"
  >
    <input
      aria-disabled={false}
      aria-labelledby="communications"
      aria-required={false}
      className="valid"
      data-locator="communications"
      id="communications"
      name="communications"
      readOnly={true}
      role="checkbox"
      type="checkbox"
    />
    <a
      className="checkbox  valid"
      id="communications_link"
      onClick={[Function]}
    >
      <div />
    </a>
    <div
      className="cmp-form-field-checkbox--wrapper"
      data-locator="communications-checkbox-wrapper"
    >
      <label
        htmlFor="communications"
        onClick={[Function]}
      >
        I agree to receive marketing, product, training, support, and related communications via mail, email, or other electronic means. 
        <span
          className="cmp-form-field--optional"
        >
          (optional)
        </span>
      </label>
      
    </div>
  </div>
  <div
    className="cmp-form-field cmp-form-field-captcha"
  >
    <div
      data-locator="captcha"
    />
    <span
      className="cmp-form-field--errorText"
      data-locator="cmp-form-field-errorText"
    >
      
    </span>
  </div>
  <div
    className="cmp-form-field cmp-form-field-textwithlinks"
  >
    <div
      className="cmp-form-field-textwithlinks--privacy "
      data-locator="cmp-form-field-textwithlinks-privacy"
    >
      By clicking the CREATE ACCOUNT button, you are agreeing to our
       
      <a
        className=""
        data-locator="terms-of-use"
        href=""
        id="text-with-link-1"
        rel="noopener noreferrer"
        target="_blank"
        title=""
      >
        Terms of Use
      </a>
       
      and understand that the information you have provided on this website will be used and processed by Waters in accordance with the
       
      <a
        className=""
        data-locator="waters-privacy-notice."
        href=""
        id="text-with-link-3"
        rel="noopener noreferrer"
        target="_blank"
        title=""
      >
        Waters Privacy Notice.
      </a>
       
    </div>
  </div>
  <button
    aria-label="form submit button"
    className="cmp-button cmp-button--no-border cmp-form--submit"
    data-locator="form-submit"
    type="submit"
  >
    Create Account
  </button>
</form>
`;
