// Jest Snapshot v1, https://goo.gl/fbAQLP

exports[`<Notification /> should render without throwing an error 1`] = `ShallowWrapper {}`;
